manifest should match snapshot:
  1: |
    apiVersion: v1
    kind: Service
    metadata:
      annotations:
        meta.helm.sh/release-name: steadybit-extension-loadtest-9000
        meta.helm.sh/release-namespace: steadybit-agent
        steadybit.com/extension-auto-discovery: |
          {"extensions":[{"port":9000,"protocol":"http","types":["ACTION","DISCOVERY","EVENT"]}]}
      name: steadybit-extension-loadtest-9000
      namespace: steadybit-agent
    spec:
      ports:
        - port: 9000
          protocol: TCP
          targetPort: 8082
      selector:
        app.kubernetes.io/instance: RELEASE-NAME
        app.kubernetes.io/name: steadybit-extension-loadtest
  2: |
    apiVersion: v1
    kind: Service
    metadata:
      annotations:
        meta.helm.sh/release-name: steadybit-extension-loadtest-9001
        meta.helm.sh/release-namespace: steadybit-agent
        steadybit.com/extension-auto-discovery: |
          {"extensions":[{"port":9001,"protocol":"http","types":["ACTION","DISCOVERY","EVENT"]}]}
      name: steadybit-extension-loadtest-9001
      namespace: steadybit-agent
    spec:
      ports:
        - port: 9001
          protocol: TCP
          targetPort: 8082
      selector:
        app.kubernetes.io/instance: RELEASE-NAME
        app.kubernetes.io/name: steadybit-extension-loadtest
  3: |
    apiVersion: v1
    kind: Service
    metadata:
      annotations:
        meta.helm.sh/release-name: steadybit-extension-loadtest-9002
        meta.helm.sh/release-namespace: steadybit-agent
        steadybit.com/extension-auto-discovery: |
          {"extensions":[{"port":9002,"protocol":"http","types":["ACTION","DISCOVERY","EVENT"]}]}
      name: steadybit-extension-loadtest-9002
      namespace: steadybit-agent
    spec:
      ports:
        - port: 9002
          protocol: TCP
          targetPort: 8082
      selector:
        app.kubernetes.io/instance: RELEASE-NAME
        app.kubernetes.io/name: steadybit-extension-loadtest
